--- Startup times for process: Primary (or UI client) ---

times in msec
 clock   self+sourced   self:  sourced script
 clock   elapsed:              other lines

000.000  000.000: --- NVIM STARTING ---
000.070  000.070: event init
000.173  000.103: early init
000.630  000.456: locale set
000.656  000.026: init first window
000.992  000.336: inits 1
000.998  000.006: window checked
000.999  000.002: parsing arguments
001.550  000.053  000.053: require('vim._core.shared')
001.635  000.006  000.006: require('string.buffer')
001.662  000.050  000.044: require('vim.inspect')
001.713  000.043  000.043: require('vim._core.options')
001.716  000.161  000.068: require('vim._core.editor')
001.757  000.039  000.039: require('vim._core.system')
001.759  000.293  000.040: require('vim._init_packages')
001.760  000.468: init lua interpreter
005.305  003.545: nvim_ui_attach
005.536  000.231: nvim_set_client_info
005.537  000.001: --- NVIM STARTED ---

--- Startup times for process: Embedded ---

times in msec
 clock   self+sourced   self:  sourced script
 clock   elapsed:              other lines

000.000  000.000: --- NVIM STARTING ---
000.052  000.052: event init
000.138  000.086: early init
000.443  000.305: locale set
000.466  000.022: init first window
000.716  000.251: inits 1
000.725  000.009: window checked
000.727  000.002: parsing arguments
001.063  000.033  000.033: require('vim._core.shared')
001.114  000.003  000.003: require('string.buffer')
001.130  000.030  000.027: require('vim.inspect')
001.163  000.027  000.027: require('vim._core.options')
001.165  000.100  000.043: require('vim._core.editor')
001.188  000.022  000.022: require('vim._core.system')
001.189  000.176  000.021: require('vim._init_packages')
001.190  000.287: init lua interpreter
003.105  001.915: expanding arguments
003.120  000.015: inits 2
003.415  000.295: init highlight
003.416  000.001: waiting for UI
003.580  000.164: done waiting for UI
003.587  000.007: clear screen
003.762  000.017  000.017: require('vim.keymap')
004.830  000.151  000.151: sourcing nvim_exec2()
004.857  000.005  000.005: require('vim._core.log')
008.500  004.903  004.730: require('vim._core.defaults')
008.502  000.012: init default mappings & autocommands
009.393  000.285  000.285: sourcing /Users/haomingli/.local/share/mise/installs/neovim/nightly/share/nvim/runtime/ftplugin.vim
009.666  000.195  000.195: sourcing /Users/haomingli/.local/share/mise/installs/neovim/nightly/share/nvim/runtime/indent.vim
010.030  000.045  000.045: require('vim.fs')
010.542  000.510  000.510: require('vim.uri')
010.560  000.599  000.045: require('vim.loader')
011.395  000.341  000.341: require('vim.diagnostic')
012.399  000.157  000.157: require('vim.diagnostic._severity')
012.404  000.814  000.657: require('vim.diagnostic._store')
012.406  001.008  000.194: require('vim.diagnostic._config')
013.347  000.154  000.154: require('vim.treesitter.language')
013.497  000.148  000.148: require('vim.func')
013.711  000.213  000.213: require('vim.treesitter._range')
013.858  000.142  000.142: require('vim.func._memoize')
013.952  001.020  000.364: require('vim.treesitter.query')
013.967  001.355  000.335: require('vim.treesitter.languagetree')
013.973  001.562  000.207: require('vim.treesitter')
014.011  000.033  000.033: require('vim._core.ui2')
014.799  000.371  000.371: require('vim._core.ui2.cmdline')
015.281  000.480  000.480: require('vim._core.ui2.messages')
015.324  004.747  000.952: require('basic_options')
015.552  000.226  000.226: require('environment_variables')
016.545  000.991  000.991: require('basic_keymap')
016.759  000.213  000.213: require('autocommands')
018.222  000.258  000.258: require('vim._async')
018.232  000.648  000.390: require('vim.pack')
018.507  000.004  000.004: require('vim.F')
019.224  000.328  000.328: require('vim.version')
020.166  000.542  000.542: require('mini.hipatterns')
020.578  000.178  000.178: require('mini.bufremove')
020.921  000.295  000.295: require('mini.misc')
021.562  000.015  000.015: require('ffi')
021.570  000.539  000.524: require('mini.operators')
022.830  000.670  000.670: require('mini.surround')
025.483  001.625  001.625: require('mini.icons')
026.322  000.670  000.670: require('mini.files')
026.883  000.429  000.429: require('mini.ai')
027.661  000.403  000.403: require('mini.align')
028.123  000.336  000.336: require('mini.comment')
028.165  010.831  004.163: require('plugins.mini')
032.407  004.240  004.240: require('plugins.colorschemes')
033.245  000.387  000.387: require('oil')
033.388  000.140  000.140: require('oil.ringbuf')
033.554  000.165  000.165: require('oil.config')
035.073  001.301  001.301: require('vim.filetype')
035.994  000.259  000.259: require('oil.log')
036.021  000.527  000.269: require('oil.fs')
036.570  000.253  000.253: require('oil.constants')
036.588  000.566  000.313: require('oil.util')
036.595  004.186  001.101: require('plugins.oil')
039.263  000.248  000.248: require('persistence.config')
039.267  002.097  001.850: require('persistence')
039.294  002.697  000.600: require('plugins.persistence')
040.678  000.142  000.142: require('smart-splits.lazy')
040.812  000.131  000.131: require('smart-splits.types')
040.822  000.900  000.627: require('smart-splits')
041.108  000.150  000.150: require('smart-splits.mux.utils')
041.120  000.296  000.146: require('smart-splits.config')
041.287  001.993  000.796: require('plugins.smart_split')
043.740  000.826  000.826: require('snacks-bibtex.config')
043.948  000.205  000.205: require('snacks-bibtex.parser')
044.205  000.245  000.245: require('snacks')
044.416  000.210  000.210: require('snacks.picker')
044.418  002.237  000.751: require('snacks-bibtex')
045.738  000.312  000.312: require('snacks.toggle')
045.992  000.237  000.237: require('snacks.util')
046.734  005.445  002.660: require('plugins.snacks')
047.259  000.524  000.524: require('plugins.rocks')
047.449  000.189  000.189: require('plugins.treesitter')
048.041  000.591  000.591: require('plugins.vimtex')
048.328  031.543  000.847: require('plugins')
048.803  000.116  000.116: require('tokyonight.config')
048.804  000.238  000.122: require('tokyonight')
049.792  000.145  000.145: require('tokyonight.theme')
050.141  000.174  000.174: require('tokyonight.util')
050.142  000.340  000.166: require('tokyonight.colors')
050.414  000.160  000.160: require('tokyonight.hsluv')
050.874  000.171  000.171: require('tokyonight.groups')
052.472  002.907  002.092: sourcing /Users/haomingli/.local/share/eagernvim/site/pack/core/opt/tokyonight.nvim/colors/tokyonight.lua
052.530  003.705  000.797: sourcing nvim_exec2() called at nvim_exec2() called at /Users/haomingli/.config/eagernvim/init.lua:0:1
052.536  000.003  000.003: sourcing nvim_exec2() called at nvim_exec2() called at /Users/haomingli/.config/eagernvim/init.lua:0:1
052.539  000.001  000.001: sourcing nvim_exec2() called at nvim_exec2() called at /Users/haomingli/.config/eagernvim/init.lua:0:1
052.540  004.068  000.120: sourcing nvim_exec2() called at /Users/haomingli/.config/eagernvim/init.lua:0
052.542  004.213  000.145: require('current_theme')
053.477  000.123  000.123: sourcing /Users/haomingli/.local/share/mise/installs/neovim/nightly/share/nvim/runtime/pack/dist/opt/nvim.undotree/plugin/undotree.lua
053.505  000.962  000.839: sourcing nvim_exec2() called at /Users/haomingli/.config/eagernvim/init.lua:0
053.506  043.735  000.241: sourcing /Users/haomingli/.config/eagernvim/init.lua
053.645  000.130  000.130: require('vim._core.exrc')
053.646  000.798: sourcing vimrc file(s)
054.175  000.145  000.145: sourcing /Users/haomingli/.local/share/eagernvim/site/pack/core/opt/vimtex/ftdetect/cls.vim
054.371  000.151  000.151: sourcing /Users/haomingli/.local/share/eagernvim/site/pack/core/opt/vimtex/ftdetect/tex.vim
054.746  000.292  000.292: sourcing /Users/haomingli/.local/share/eagernvim/site/pack/core/opt/vimtex/ftdetect/tikz.vim
054.864  000.962  000.374: sourcing nvim_exec2() called at /Users/haomingli/.local/share/mise/installs/neovim/nightly/share/nvim/runtime/filetype.lua:0
054.867  001.062  000.100: sourcing /Users/haomingli/.local/share/mise/installs/neovim/nightly/share/nvim/runtime/filetype.lua
055.402  000.159  000.159: sourcing /Users/haomingli/.local/share/mise/installs/neovim/nightly/share/nvim/runtime/syntax/synload.vim
055.489  000.524  000.366: sourcing /Users/haomingli/.local/share/mise/installs/neovim/nightly/share/nvim/runtime/syntax/syntax.vim
057.042  000.211  000.211: require('vimtex.utils.picker')
057.044  001.053  000.842: require('vimtex.snacks')
057.498  000.453  000.453: require('snacks.picker.config.sources')
057.503  001.585  000.079: sourcing /Users/haomingli/.local/share/eagernvim/site/pack/core/opt/vimtex/plugin/vimtex.vim
057.780  000.084  000.084: sourcing /Users/haomingli/.local/share/eagernvim/site/pack/core/opt/snacks.nvim/plugin/snacks.lua
058.038  000.092  000.092: sourcing /Users/haomingli/.local/share/eagernvim/site/pack/core/opt/snacks-bibtex.nvim/plugin/snacks-bibtex.lua
058.325  000.078  000.078: sourcing /Users/haomingli/.local/share/eagernvim/site/pack/core/opt/smart-splits.nvim/plugin/init.lua
058.628  000.165  000.165: require('smart-splits.commands')
058.902  000.111  000.111: require('smart-splits.log.file')
059.020  000.111  000.111: require('smart-splits.log.async')
059.023  000.349  000.127: require('smart-splits.log')
059.529  000.131  000.131: require('smart-splits.mux')
059.651  000.119  000.119: require('smart-splits.mux.kitty')
059.670  001.266  000.502: sourcing /Users/haomingli/.local/share/eagernvim/site/pack/core/opt/smart-splits.nvim/plugin/smart-splits.lua
060.153  000.164  000.164: sourcing /Users/haomingli/.local/share/eagernvim/site/pack/core/opt/nightfox.nvim/plugin/nightfox.vim
060.960  000.242  000.242: require('nvim-tundra.biomes')
060.963  000.417  000.175: require('nvim-tundra.commands')
060.964  000.589  000.172: sourcing /Users/haomingli/.local/share/eagernvim/site/pack/core/opt/nvim-tundra/plugin/commands.lua
061.893  000.175  000.175: sourcing /Users/haomingli/.local/share/mise/installs/neovim/nightly/share/nvim/runtime/plugin/gzip.vim
062.039  000.100  000.100: sourcing /Users/haomingli/.local/share/mise/installs/neovim/nightly/share/nvim/runtime/plugin/matchit.vim
062.393  000.311  000.311: sourcing /Users/haomingli/.local/share/mise/installs/neovim/nightly/share/nvim/runtime/plugin/matchparen.vim
062.542  000.105  000.105: sourcing /Users/haomingli/.local/share/mise/installs/neovim/nightly/share/nvim/runtime/plugin/netrwPlugin.vim
062.699  000.111  000.111: sourcing /Users/haomingli/.local/share/mise/installs/neovim/nightly/share/nvim/runtime/plugin/rplugin.vim
062.776  000.033  000.033: sourcing /Users/haomingli/.local/share/mise/installs/neovim/nightly/share/nvim/runtime/plugin/tarPlugin.vim
062.861  000.041  000.041: sourcing /Users/haomingli/.local/share/mise/installs/neovim/nightly/share/nvim/runtime/plugin/tutor.vim
062.935  000.031  000.031: sourcing /Users/haomingli/.local/share/mise/installs/neovim/nightly/share/nvim/runtime/plugin/zipPlugin.vim
063.056  000.076  000.076: sourcing /Users/haomingli/.local/share/mise/installs/neovim/nightly/share/nvim/runtime/plugin/editorconfig.lua
063.221  000.118  000.118: sourcing /Users/haomingli/.local/share/mise/installs/neovim/nightly/share/nvim/runtime/plugin/man.lua
063.351  000.083  000.083: sourcing /Users/haomingli/.local/share/mise/installs/neovim/nightly/share/nvim/runtime/plugin/net.lua
063.459  000.064  000.064: sourcing /Users/haomingli/.local/share/mise/installs/neovim/nightly/share/nvim/runtime/plugin/osc52.lua
063.596  000.090  000.090: sourcing /Users/haomingli/.local/share/mise/installs/neovim/nightly/share/nvim/runtime/plugin/shada.lua
063.712  000.063  000.063: sourcing /Users/haomingli/.local/share/mise/installs/neovim/nightly/share/nvim/runtime/plugin/spellfile.lua
063.921  000.036  000.036: sourcing /Users/haomingli/.local/share/mise/installs/neovim/nightly/share/nvim/runtime/pack/dist/opt/nvim.undotree/plugin/undotree.lua
063.942  003.415: loading rtp plugins
064.081  000.139: loading packages
064.101  000.019: loading after plugins
064.110  000.009: inits 3
065.016  000.906: reading ShaDa
065.073  000.058: opening buffers
065.291  000.192  000.192: require('snacks.explorer')
065.296  000.031: BufEnter autocommands
065.297  000.001: editing files in windows
065.454  000.121  000.121: require('smart-splits.utils')
065.561  000.003  000.003: require('vim._core.vimfn')
067.332  001.912: VimEnter autocommands
067.710  000.371  000.371: require('snacks.dashboard')
068.486  000.150  000.150: require('snacks.git')
071.730  000.288  000.288: require('editorconfig')
072.667  000.565  000.565: require('vim.filetype.detect')
074.445  000.154  000.154: require('vim.ui')
074.453  000.499  000.344: require('snacks.input')
074.718  000.255  000.255: require('snacks.picker.config')
074.997  000.277  000.277: require('snacks.picker.config.highlights')
075.197  000.196  000.196: require('snacks.picker.config.defaults')
075.357  000.159  000.159: require('snacks.picker.config.layouts')
077.962  007.867: UIEnter autocommands
077.964  000.002: before starting main loop
088.137  010.173: first screen update
088.139  000.002: --- NVIM STARTED ---

